Analysis & Synthesis report for t2b_riscv_cpu
Wed Dec 27 12:57:59 2023
Quartus Prime Version 20.1.1 Build 720 11/11/2020 SJ Lite Edition


---------------------
; Table of Contents ;
---------------------
  1. Legal Notice
  2. Analysis & Synthesis Summary
  3. Analysis & Synthesis Settings
  4. Parallel Compilation
  5. Analysis & Synthesis Source Files Read
  6. Analysis & Synthesis Resource Usage Summary
  7. Analysis & Synthesis Resource Utilization by Entity
  8. User-Specified and Inferred Latches
  9. General Register Statistics
 10. Multiplexer Restructuring Statistics (Restructuring Performed)
 11. Parameter Settings for User Entity Instance: riscv_cpu:rvsingle|datapath:dp|reset_ff:pcreg
 12. Parameter Settings for User Entity Instance: riscv_cpu:rvsingle|datapath:dp|adder:pcadd4
 13. Parameter Settings for User Entity Instance: riscv_cpu:rvsingle|datapath:dp|adder:pcaddbranch
 14. Parameter Settings for User Entity Instance: riscv_cpu:rvsingle|datapath:dp|mux2:pcjalrmux
 15. Parameter Settings for User Entity Instance: riscv_cpu:rvsingle|datapath:dp|mux2:pcmux
 16. Parameter Settings for User Entity Instance: riscv_cpu:rvsingle|datapath:dp|reg_file:rf
 17. Parameter Settings for User Entity Instance: riscv_cpu:rvsingle|datapath:dp|mux2:srcbmux
 18. Parameter Settings for User Entity Instance: riscv_cpu:rvsingle|datapath:dp|alu:alu
 19. Parameter Settings for User Entity Instance: riscv_cpu:rvsingle|datapath:dp|adder:auipcadd
 20. Parameter Settings for User Entity Instance: riscv_cpu:rvsingle|datapath:dp|mux2:luipcmux
 21. Parameter Settings for User Entity Instance: riscv_cpu:rvsingle|datapath:dp|mux4:resultmux
 22. Parameter Settings for User Entity Instance: instr_mem:imem
 23. Parameter Settings for User Entity Instance: data_mem:dmem
 24. Port Connectivity Checks: "riscv_cpu:rvsingle|datapath:dp|mux2:luipcmux"
 25. Port Connectivity Checks: "riscv_cpu:rvsingle|datapath:dp|adder:auipcadd"
 26. Port Connectivity Checks: "riscv_cpu:rvsingle|datapath:dp|adder:pcadd4"
 27. Port Connectivity Checks: "riscv_cpu:rvsingle|controller:c|main_decoder:md"
 28. Post-Synthesis Netlist Statistics for Top Partition
 29. Elapsed Time Per Partition
 30. Analysis & Synthesis Messages
 31. Analysis & Synthesis Suppressed Messages



----------------
; Legal Notice ;
----------------
Copyright (C) 2020  Intel Corporation. All rights reserved.
Your use of Intel Corporation's design tools, logic functions 
and other software and tools, and any partner logic 
functions, and any output files from any of the foregoing 
(including device programming or simulation files), and any 
associated documentation or information are expressly subject 
to the terms and conditions of the Intel Program License 
Subscription Agreement, the Intel Quartus Prime License Agreement,
the Intel FPGA IP License Agreement, or other applicable license
agreement, including, without limitation, that your use is for
the sole purpose of programming logic devices manufactured by
Intel and sold by Intel or its authorized distributors.  Please
refer to the applicable agreement for further details, at
https://fpgasoftware.intel.com/eula.



+----------------------------------------------------------------------------------+
; Analysis & Synthesis Summary                                                     ;
+------------------------------------+---------------------------------------------+
; Analysis & Synthesis Status        ; Successful - Wed Dec 27 12:57:59 2023       ;
; Quartus Prime Version              ; 20.1.1 Build 720 11/11/2020 SJ Lite Edition ;
; Revision Name                      ; t2b_riscv_cpu                               ;
; Top-level Entity Name              ; t2b_riscv_cpu                               ;
; Family                             ; Cyclone IV E                                ;
; Total logic elements               ; 7,570                                       ;
;     Total combinational functions  ; 4,562                                       ;
;     Dedicated logic registers      ; 3,104                                       ;
; Total registers                    ; 3104                                        ;
; Total pins                         ; 164                                         ;
; Total virtual pins                 ; 0                                           ;
; Total memory bits                  ; 0                                           ;
; Embedded Multiplier 9-bit elements ; 0                                           ;
; Total PLLs                         ; 0                                           ;
+------------------------------------+---------------------------------------------+


+------------------------------------------------------------------------------------------------------------+
; Analysis & Synthesis Settings                                                                              ;
+------------------------------------------------------------------+--------------------+--------------------+
; Option                                                           ; Setting            ; Default Value      ;
+------------------------------------------------------------------+--------------------+--------------------+
; Device                                                           ; EP4CE22F17C6       ;                    ;
; Top-level entity name                                            ; t2b_riscv_cpu      ; t2b_riscv_cpu      ;
; Family name                                                      ; Cyclone IV E       ; Cyclone V          ;
; Use smart compilation                                            ; Off                ; Off                ;
; Enable parallel Assembler and Timing Analyzer during compilation ; On                 ; On                 ;
; Enable compact report table                                      ; Off                ; Off                ;
; Restructure Multiplexers                                         ; Auto               ; Auto               ;
; Create Debugging Nodes for IP Cores                              ; Off                ; Off                ;
; Preserve fewer node names                                        ; On                 ; On                 ;
; Intel FPGA IP Evaluation Mode                                    ; Enable             ; Enable             ;
; Verilog Version                                                  ; Verilog_2001       ; Verilog_2001       ;
; VHDL Version                                                     ; VHDL_1993          ; VHDL_1993          ;
; State Machine Processing                                         ; Auto               ; Auto               ;
; Safe State Machine                                               ; Off                ; Off                ;
; Extract Verilog State Machines                                   ; On                 ; On                 ;
; Extract VHDL State Machines                                      ; On                 ; On                 ;
; Ignore Verilog initial constructs                                ; Off                ; Off                ;
; Iteration limit for constant Verilog loops                       ; 5000               ; 5000               ;
; Iteration limit for non-constant Verilog loops                   ; 250                ; 250                ;
; Add Pass-Through Logic to Inferred RAMs                          ; On                 ; On                 ;
; Infer RAMs from Raw Logic                                        ; On                 ; On                 ;
; Parallel Synthesis                                               ; On                 ; On                 ;
; DSP Block Balancing                                              ; Auto               ; Auto               ;
; NOT Gate Push-Back                                               ; On                 ; On                 ;
; Power-Up Don't Care                                              ; On                 ; On                 ;
; Remove Redundant Logic Cells                                     ; Off                ; Off                ;
; Remove Duplicate Registers                                       ; On                 ; On                 ;
; Ignore CARRY Buffers                                             ; Off                ; Off                ;
; Ignore CASCADE Buffers                                           ; Off                ; Off                ;
; Ignore GLOBAL Buffers                                            ; Off                ; Off                ;
; Ignore ROW GLOBAL Buffers                                        ; Off                ; Off                ;
; Ignore LCELL Buffers                                             ; Off                ; Off                ;
; Ignore SOFT Buffers                                              ; On                 ; On                 ;
; Limit AHDL Integers to 32 Bits                                   ; Off                ; Off                ;
; Optimization Technique                                           ; Balanced           ; Balanced           ;
; Carry Chain Length                                               ; 70                 ; 70                 ;
; Auto Carry Chains                                                ; On                 ; On                 ;
; Auto Open-Drain Pins                                             ; On                 ; On                 ;
; Perform WYSIWYG Primitive Resynthesis                            ; Off                ; Off                ;
; Auto ROM Replacement                                             ; On                 ; On                 ;
; Auto RAM Replacement                                             ; On                 ; On                 ;
; Auto DSP Block Replacement                                       ; On                 ; On                 ;
; Auto Shift Register Replacement                                  ; Auto               ; Auto               ;
; Allow Shift Register Merging across Hierarchies                  ; Auto               ; Auto               ;
; Auto Clock Enable Replacement                                    ; On                 ; On                 ;
; Strict RAM Replacement                                           ; Off                ; Off                ;
; Allow Synchronous Control Signals                                ; On                 ; On                 ;
; Force Use of Synchronous Clear Signals                           ; Off                ; Off                ;
; Auto RAM Block Balancing                                         ; On                 ; On                 ;
; Auto RAM to Logic Cell Conversion                                ; Off                ; Off                ;
; Auto Resource Sharing                                            ; Off                ; Off                ;
; Allow Any RAM Size For Recognition                               ; Off                ; Off                ;
; Allow Any ROM Size For Recognition                               ; Off                ; Off                ;
; Allow Any Shift Register Size For Recognition                    ; Off                ; Off                ;
; Use LogicLock Constraints during Resource Balancing              ; On                 ; On                 ;
; Ignore translate_off and synthesis_off directives                ; Off                ; Off                ;
; Timing-Driven Synthesis                                          ; On                 ; On                 ;
; Report Parameter Settings                                        ; On                 ; On                 ;
; Report Source Assignments                                        ; On                 ; On                 ;
; Report Connectivity Checks                                       ; On                 ; On                 ;
; Ignore Maximum Fan-Out Assignments                               ; Off                ; Off                ;
; Synchronization Register Chain Length                            ; 2                  ; 2                  ;
; Power Optimization During Synthesis                              ; Normal compilation ; Normal compilation ;
; HDL message level                                                ; Level2             ; Level2             ;
; Suppress Register Optimization Related Messages                  ; Off                ; Off                ;
; Number of Removed Registers Reported in Synthesis Report         ; 5000               ; 5000               ;
; Number of Swept Nodes Reported in Synthesis Report               ; 5000               ; 5000               ;
; Number of Inverted Registers Reported in Synthesis Report        ; 100                ; 100                ;
; Clock MUX Protection                                             ; On                 ; On                 ;
; Auto Gated Clock Conversion                                      ; Off                ; Off                ;
; Block Design Naming                                              ; Auto               ; Auto               ;
; SDC constraint protection                                        ; Off                ; Off                ;
; Synthesis Effort                                                 ; Auto               ; Auto               ;
; Shift Register Replacement - Allow Asynchronous Clear Signal     ; On                 ; On                 ;
; Pre-Mapping Resynthesis Optimization                             ; Off                ; Off                ;
; Analysis & Synthesis Message Level                               ; Medium             ; Medium             ;
; Disable Register Merging Across Hierarchies                      ; Auto               ; Auto               ;
; Resource Aware Inference For Block RAM                           ; On                 ; On                 ;
+------------------------------------------------------------------+--------------------+--------------------+


+------------------------------------------+
; Parallel Compilation                     ;
+----------------------------+-------------+
; Processors                 ; Number      ;
+----------------------------+-------------+
; Number detected on machine ; 8           ;
; Maximum allowed            ; 8           ;
;                            ;             ;
; Average used               ; 1.02        ;
; Maximum used               ; 8           ;
;                            ;             ;
; Usage by Processor         ; % Time Used ;
;     Processor 1            ; 100.0%      ;
;     Processor 2            ;   0.3%      ;
;     Processor 3            ;   0.3%      ;
;     Processor 4            ;   0.3%      ;
;     Processor 5            ;   0.3%      ;
;     Processor 6            ;   0.2%      ;
;     Processor 7            ;   0.2%      ;
;     Processor 8            ;   0.2%      ;
+----------------------------+-------------+


+-----------------------------------------------------------------------------------------------------------------------------------------------------------------------------------------+
; Analysis & Synthesis Source Files Read                                                                                                                                                  ;
+----------------------------------+-----------------+---------------------------------------------+----------------------------------------------------------------------------+---------+
; File Name with User-Entered Path ; Used in Netlist ; File Type                                   ; File Name with Absolute Path                                               ; Library ;
+----------------------------------+-----------------+---------------------------------------------+----------------------------------------------------------------------------+---------+
; verilog_codes/store_extend.v     ; yes             ; User Verilog HDL File                       ; D:/E-yantra_work/eyrc23_ab_3265/t2b_riscv_cpu/verilog_codes/store_extend.v ;         ;
; verilog_codes/reset_ff.v         ; yes             ; User Verilog HDL File                       ; D:/E-yantra_work/eyrc23_ab_3265/t2b_riscv_cpu/verilog_codes/reset_ff.v     ;         ;
; verilog_codes/reg_file.v         ; yes             ; User Verilog HDL File                       ; D:/E-yantra_work/eyrc23_ab_3265/t2b_riscv_cpu/verilog_codes/reg_file.v     ;         ;
; verilog_codes/mux4.v             ; yes             ; User Verilog HDL File                       ; D:/E-yantra_work/eyrc23_ab_3265/t2b_riscv_cpu/verilog_codes/mux4.v         ;         ;
; verilog_codes/mux2.v             ; yes             ; User Verilog HDL File                       ; D:/E-yantra_work/eyrc23_ab_3265/t2b_riscv_cpu/verilog_codes/mux2.v         ;         ;
; verilog_codes/main_decoder.v     ; yes             ; User Verilog HDL File                       ; D:/E-yantra_work/eyrc23_ab_3265/t2b_riscv_cpu/verilog_codes/main_decoder.v ;         ;
; verilog_codes/load_extend.v      ; yes             ; User Verilog HDL File                       ; D:/E-yantra_work/eyrc23_ab_3265/t2b_riscv_cpu/verilog_codes/load_extend.v  ;         ;
; verilog_codes/imm_extend.v       ; yes             ; User Verilog HDL File                       ; D:/E-yantra_work/eyrc23_ab_3265/t2b_riscv_cpu/verilog_codes/imm_extend.v   ;         ;
; verilog_codes/datapath.v         ; yes             ; User Verilog HDL File                       ; D:/E-yantra_work/eyrc23_ab_3265/t2b_riscv_cpu/verilog_codes/datapath.v     ;         ;
; verilog_codes/controller.v       ; yes             ; User Verilog HDL File                       ; D:/E-yantra_work/eyrc23_ab_3265/t2b_riscv_cpu/verilog_codes/controller.v   ;         ;
; verilog_codes/alu_decoder.v      ; yes             ; User Verilog HDL File                       ; D:/E-yantra_work/eyrc23_ab_3265/t2b_riscv_cpu/verilog_codes/alu_decoder.v  ;         ;
; verilog_codes/alu.v              ; yes             ; User Verilog HDL File                       ; D:/E-yantra_work/eyrc23_ab_3265/t2b_riscv_cpu/verilog_codes/alu.v          ;         ;
; verilog_codes/adder.v            ; yes             ; User Verilog HDL File                       ; D:/E-yantra_work/eyrc23_ab_3265/t2b_riscv_cpu/verilog_codes/adder.v        ;         ;
; instr_mem.v                      ; yes             ; User Verilog HDL File                       ; D:/E-yantra_work/eyrc23_ab_3265/t2b_riscv_cpu/instr_mem.v                  ;         ;
; data_mem.v                       ; yes             ; User Verilog HDL File                       ; D:/E-yantra_work/eyrc23_ab_3265/t2b_riscv_cpu/data_mem.v                   ;         ;
; riscv_cpu.v                      ; yes             ; User Verilog HDL File                       ; D:/E-yantra_work/eyrc23_ab_3265/t2b_riscv_cpu/riscv_cpu.v                  ;         ;
; t2b_riscv_cpu.v                  ; yes             ; User Verilog HDL File                       ; D:/E-yantra_work/eyrc23_ab_3265/t2b_riscv_cpu/t2b_riscv_cpu.v              ;         ;
; program_dump.hex                 ; yes             ; Auto-Found Hexadecimal (Intel-Format) File  ; D:/E-yantra_work/eyrc23_ab_3265/t2b_riscv_cpu/program_dump.hex             ;         ;
+----------------------------------+-----------------+---------------------------------------------+----------------------------------------------------------------------------+---------+


+---------------------------------------------------------+
; Analysis & Synthesis Resource Usage Summary             ;
+---------------------------------------------+-----------+
; Resource                                    ; Usage     ;
+---------------------------------------------+-----------+
; Estimated Total logic elements              ; 7,570     ;
;                                             ;           ;
; Total combinational functions               ; 4562      ;
; Logic element usage by number of LUT inputs ;           ;
;     -- 4 input functions                    ; 3950      ;
;     -- 3 input functions                    ; 486       ;
;     -- <=2 input functions                  ; 126       ;
;                                             ;           ;
; Logic elements by mode                      ;           ;
;     -- normal mode                          ; 4390      ;
;     -- arithmetic mode                      ; 172       ;
;                                             ;           ;
; Total registers                             ; 3104      ;
;     -- Dedicated logic registers            ; 3104      ;
;     -- I/O registers                        ; 0         ;
;                                             ;           ;
; I/O pins                                    ; 164       ;
;                                             ;           ;
; Embedded Multiplier 9-bit elements          ; 0         ;
;                                             ;           ;
; Maximum fan-out node                        ; clk~input ;
; Maximum fan-out                             ; 3104      ;
; Total fan-out                               ; 27144     ;
; Average fan-out                             ; 3.40      ;
+---------------------------------------------+-----------+


+------------------------------------------------------------------------------------------------------------------------------------------------------------------------------------------------------------------------------------------------------------+
; Analysis & Synthesis Resource Utilization by Entity                                                                                                                                                                                                        ;
+-------------------------------+---------------------+---------------------------+-------------+--------------+---------+-----------+------+--------------+------------------------------------------------------------------+---------------+--------------+
; Compilation Hierarchy Node    ; Combinational ALUTs ; Dedicated Logic Registers ; Memory Bits ; DSP Elements ; DSP 9x9 ; DSP 18x18 ; Pins ; Virtual Pins ; Full Hierarchy Name                                              ; Entity Name   ; Library Name ;
+-------------------------------+---------------------+---------------------------+-------------+--------------+---------+-----------+------+--------------+------------------------------------------------------------------+---------------+--------------+
; |t2b_riscv_cpu                ; 4562 (71)           ; 3104 (0)                  ; 0           ; 0            ; 0       ; 0         ; 164  ; 0            ; |t2b_riscv_cpu                                                   ; t2b_riscv_cpu ; work         ;
;    |data_mem:dmem|            ; 1489 (1489)         ; 2048 (2048)               ; 0           ; 0            ; 0       ; 0         ; 0    ; 0            ; |t2b_riscv_cpu|data_mem:dmem                                     ; data_mem      ; work         ;
;    |instr_mem:imem|           ; 617 (617)           ; 0 (0)                     ; 0           ; 0            ; 0       ; 0         ; 0    ; 0            ; |t2b_riscv_cpu|instr_mem:imem                                    ; instr_mem     ; work         ;
;    |riscv_cpu:rvsingle|       ; 2385 (0)            ; 1056 (0)                  ; 0           ; 0            ; 0       ; 0         ; 0    ; 0            ; |t2b_riscv_cpu|riscv_cpu:rvsingle                                ; riscv_cpu     ; work         ;
;       |controller:c|          ; 57 (2)              ; 0 (0)                     ; 0           ; 0            ; 0       ; 0         ; 0    ; 0            ; |t2b_riscv_cpu|riscv_cpu:rvsingle|controller:c                   ; controller    ; work         ;
;          |alu_decoder:ad|     ; 10 (10)             ; 0 (0)                     ; 0           ; 0            ; 0       ; 0         ; 0    ; 0            ; |t2b_riscv_cpu|riscv_cpu:rvsingle|controller:c|alu_decoder:ad    ; alu_decoder   ; work         ;
;          |main_decoder:md|    ; 45 (45)             ; 0 (0)                     ; 0           ; 0            ; 0       ; 0         ; 0    ; 0            ; |t2b_riscv_cpu|riscv_cpu:rvsingle|controller:c|main_decoder:md   ; main_decoder  ; work         ;
;       |datapath:dp|           ; 2328 (0)            ; 1056 (0)                  ; 0           ; 0            ; 0       ; 0         ; 0    ; 0            ; |t2b_riscv_cpu|riscv_cpu:rvsingle|datapath:dp                    ; datapath      ; work         ;
;          |adder:auipcadd|     ; 20 (20)             ; 0 (0)                     ; 0           ; 0            ; 0       ; 0         ; 0    ; 0            ; |t2b_riscv_cpu|riscv_cpu:rvsingle|datapath:dp|adder:auipcadd     ; adder         ; work         ;
;          |adder:pcadd4|       ; 30 (30)             ; 0 (0)                     ; 0           ; 0            ; 0       ; 0         ; 0    ; 0            ; |t2b_riscv_cpu|riscv_cpu:rvsingle|datapath:dp|adder:pcadd4       ; adder         ; work         ;
;          |adder:pcaddbranch|  ; 32 (32)             ; 0 (0)                     ; 0           ; 0            ; 0       ; 0         ; 0    ; 0            ; |t2b_riscv_cpu|riscv_cpu:rvsingle|datapath:dp|adder:pcaddbranch  ; adder         ; work         ;
;          |alu:alu|            ; 607 (607)           ; 0 (0)                     ; 0           ; 0            ; 0       ; 0         ; 0    ; 0            ; |t2b_riscv_cpu|riscv_cpu:rvsingle|datapath:dp|alu:alu            ; alu           ; work         ;
;          |imm_extend:ext|     ; 18 (18)             ; 0 (0)                     ; 0           ; 0            ; 0       ; 0         ; 0    ; 0            ; |t2b_riscv_cpu|riscv_cpu:rvsingle|datapath:dp|imm_extend:ext     ; imm_extend    ; work         ;
;          |load_extend:ldextd| ; 3 (3)               ; 0 (0)                     ; 0           ; 0            ; 0       ; 0         ; 0    ; 0            ; |t2b_riscv_cpu|riscv_cpu:rvsingle|datapath:dp|load_extend:ldextd ; load_extend   ; work         ;
;          |mux2:luipcmux|      ; 1 (1)               ; 0 (0)                     ; 0           ; 0            ; 0       ; 0         ; 0    ; 0            ; |t2b_riscv_cpu|riscv_cpu:rvsingle|datapath:dp|mux2:luipcmux      ; mux2          ; work         ;
;          |mux2:pcjalrmux|     ; 2 (2)               ; 0 (0)                     ; 0           ; 0            ; 0       ; 0         ; 0    ; 0            ; |t2b_riscv_cpu|riscv_cpu:rvsingle|datapath:dp|mux2:pcjalrmux     ; mux2          ; work         ;
;          |mux2:srcbmux|       ; 48 (48)             ; 0 (0)                     ; 0           ; 0            ; 0       ; 0         ; 0    ; 0            ; |t2b_riscv_cpu|riscv_cpu:rvsingle|datapath:dp|mux2:srcbmux       ; mux2          ; work         ;
;          |mux4:resultmux|     ; 119 (119)           ; 0 (0)                     ; 0           ; 0            ; 0       ; 0         ; 0    ; 0            ; |t2b_riscv_cpu|riscv_cpu:rvsingle|datapath:dp|mux4:resultmux     ; mux4          ; work         ;
;          |reg_file:rf|        ; 1417 (1417)         ; 1024 (1024)               ; 0           ; 0            ; 0       ; 0         ; 0    ; 0            ; |t2b_riscv_cpu|riscv_cpu:rvsingle|datapath:dp|reg_file:rf        ; reg_file      ; work         ;
;          |reset_ff:pcreg|     ; 31 (31)             ; 32 (32)                   ; 0           ; 0            ; 0       ; 0         ; 0    ; 0            ; |t2b_riscv_cpu|riscv_cpu:rvsingle|datapath:dp|reset_ff:pcreg     ; reset_ff      ; work         ;
+-------------------------------+---------------------+---------------------------+-------------+--------------+---------+-----------+------+--------------+------------------------------------------------------------------+---------------+--------------+
Note: For table entries with two numbers listed, the numbers in parentheses indicate the number of resources of the given type used by the specific entity alone. The numbers listed outside of parentheses indicate the total resources of the given type used by the specific entity and all of its sub-entities in the hierarchy.


+----------------------------------------------------------------------------------------------------------------------------------------------------+
; User-Specified and Inferred Latches                                                                                                                ;
+--------------------------------------------------------------+------------------------------------------------------------+------------------------+
; Latch Name                                                   ; Latch Enable Signal                                        ; Free of Timing Hazards ;
+--------------------------------------------------------------+------------------------------------------------------------+------------------------+
; riscv_cpu:rvsingle|controller:c|main_decoder:md|controls[12] ; riscv_cpu:rvsingle|controller:c|main_decoder:md|Selector21 ; yes                    ;
; riscv_cpu:rvsingle|controller:c|main_decoder:md|controls[4]  ; riscv_cpu:rvsingle|controller:c|main_decoder:md|Selector21 ; yes                    ;
; riscv_cpu:rvsingle|controller:c|main_decoder:md|controls[5]  ; riscv_cpu:rvsingle|controller:c|main_decoder:md|Selector21 ; yes                    ;
; riscv_cpu:rvsingle|controller:c|main_decoder:md|controls[8]  ; riscv_cpu:rvsingle|controller:c|main_decoder:md|Selector21 ; yes                    ;
; riscv_cpu:rvsingle|controller:c|main_decoder:md|controls[7]  ; riscv_cpu:rvsingle|controller:c|main_decoder:md|Selector21 ; yes                    ;
; riscv_cpu:rvsingle|controller:c|main_decoder:md|controls[15] ; riscv_cpu:rvsingle|controller:c|main_decoder:md|Selector21 ; yes                    ;
; riscv_cpu:rvsingle|controller:c|main_decoder:md|controls[13] ; riscv_cpu:rvsingle|controller:c|main_decoder:md|Selector21 ; yes                    ;
; riscv_cpu:rvsingle|controller:c|main_decoder:md|controls[14] ; riscv_cpu:rvsingle|controller:c|main_decoder:md|Selector21 ; yes                    ;
; riscv_cpu:rvsingle|controller:c|main_decoder:md|controls[6]  ; riscv_cpu:rvsingle|controller:c|main_decoder:md|Selector21 ; yes                    ;
; riscv_cpu:rvsingle|controller:c|main_decoder:md|controls[9]  ; riscv_cpu:rvsingle|controller:c|main_decoder:md|Selector21 ; yes                    ;
; riscv_cpu:rvsingle|controller:c|main_decoder:md|controls[0]  ; riscv_cpu:rvsingle|controller:c|main_decoder:md|Selector21 ; yes                    ;
; riscv_cpu:rvsingle|controller:c|main_decoder:md|controls[10] ; riscv_cpu:rvsingle|controller:c|main_decoder:md|Selector21 ; yes                    ;
; riscv_cpu:rvsingle|controller:c|main_decoder:md|controls[11] ; riscv_cpu:rvsingle|controller:c|main_decoder:md|Selector21 ; yes                    ;
; riscv_cpu:rvsingle|controller:c|main_decoder:md|controls[16] ; riscv_cpu:rvsingle|controller:c|main_decoder:md|Selector21 ; yes                    ;
; riscv_cpu:rvsingle|controller:c|main_decoder:md|controls[2]  ; riscv_cpu:rvsingle|controller:c|main_decoder:md|Selector21 ; yes                    ;
; riscv_cpu:rvsingle|controller:c|main_decoder:md|controls[3]  ; riscv_cpu:rvsingle|controller:c|main_decoder:md|Selector21 ; yes                    ;
; riscv_cpu:rvsingle|controller:c|main_decoder:md|controls[1]  ; riscv_cpu:rvsingle|controller:c|main_decoder:md|Selector21 ; yes                    ;
; Number of user-specified and inferred latches = 17           ;                                                            ;                        ;
+--------------------------------------------------------------+------------------------------------------------------------+------------------------+
Note: All latches listed above may not be present at the end of synthesis due to various synthesis optimizations.


+------------------------------------------------------+
; General Register Statistics                          ;
+----------------------------------------------+-------+
; Statistic                                    ; Value ;
+----------------------------------------------+-------+
; Total registers                              ; 3104  ;
; Number of registers using Synchronous Clear  ; 0     ;
; Number of registers using Synchronous Load   ; 30    ;
; Number of registers using Asynchronous Clear ; 32    ;
; Number of registers using Asynchronous Load  ; 0     ;
; Number of registers using Clock Enable       ; 3074  ;
; Number of registers using Preset             ; 0     ;
+----------------------------------------------+-------+


+----------------------------------------------------------------------------------------------------------------------------------------------------------------------------------+
; Multiplexer Restructuring Statistics (Restructuring Performed)                                                                                                                   ;
+--------------------+-----------+---------------+----------------------+------------------------+------------+--------------------------------------------------------------------+
; Multiplexer Inputs ; Bus Width ; Baseline Area ; Area if Restructured ; Saving if Restructured ; Registered ; Example Multiplexer Output                                         ;
+--------------------+-----------+---------------+----------------------+------------------------+------------+--------------------------------------------------------------------+
; 3:1                ; 2 bits    ; 4 LEs         ; 2 LEs                ; 2 LEs                  ; Yes        ; |t2b_riscv_cpu|riscv_cpu:rvsingle|datapath:dp|reset_ff:pcreg|q[0]  ;
; 3:1                ; 30 bits   ; 60 LEs        ; 60 LEs               ; 0 LEs                  ; Yes        ; |t2b_riscv_cpu|riscv_cpu:rvsingle|datapath:dp|reset_ff:pcreg|q[15] ;
; 3:1                ; 16 bits   ; 32 LEs        ; 32 LEs               ; 0 LEs                  ; No         ; |t2b_riscv_cpu|WriteData                                           ;
; 3:1                ; 9 bits    ; 18 LEs        ; 18 LEs               ; 0 LEs                  ; No         ; |t2b_riscv_cpu|riscv_cpu:rvsingle|datapath:dp|imm_extend:ext|Mux4  ;
; 4:1                ; 8 bits    ; 16 LEs        ; 16 LEs               ; 0 LEs                  ; No         ; |t2b_riscv_cpu|data_mem:dmem|data_ram                              ;
; 3:1                ; 8 bits    ; 16 LEs        ; 16 LEs               ; 0 LEs                  ; No         ; |t2b_riscv_cpu|WriteData                                           ;
; 4:1                ; 2 bits    ; 4 LEs         ; 4 LEs                ; 0 LEs                  ; No         ; |t2b_riscv_cpu|riscv_cpu:rvsingle|datapath:dp|mux4:resultmux|y[1]  ;
; 3:1                ; 8 bits    ; 16 LEs        ; 16 LEs               ; 0 LEs                  ; No         ; |t2b_riscv_cpu|data_mem:dmem|data_ram                              ;
; 5:1                ; 6 bits    ; 18 LEs        ; 12 LEs               ; 6 LEs                  ; No         ; |t2b_riscv_cpu|riscv_cpu:rvsingle|datapath:dp|mux4:resultmux|y[4]  ;
; 18:1               ; 8 bits    ; 96 LEs        ; 48 LEs               ; 48 LEs                 ; No         ; |t2b_riscv_cpu|riscv_cpu:rvsingle|datapath:dp|alu:alu|Mux19        ;
; 18:1               ; 8 bits    ; 96 LEs        ; 56 LEs               ; 40 LEs                 ; No         ; |t2b_riscv_cpu|riscv_cpu:rvsingle|datapath:dp|alu:alu|Mux10        ;
; 10:1               ; 16 bits   ; 96 LEs        ; 64 LEs               ; 32 LEs                 ; No         ; |t2b_riscv_cpu|riscv_cpu:rvsingle|datapath:dp|mux4:resultmux|y[22] ;
; 10:1               ; 4 bits    ; 24 LEs        ; 16 LEs               ; 8 LEs                  ; No         ; |t2b_riscv_cpu|riscv_cpu:rvsingle|datapath:dp|mux4:resultmux|y[10] ;
; 10:1               ; 3 bits    ; 18 LEs        ; 12 LEs               ; 6 LEs                  ; No         ; |t2b_riscv_cpu|riscv_cpu:rvsingle|datapath:dp|mux4:resultmux|y[14] ;
; 19:1               ; 4 bits    ; 48 LEs        ; 28 LEs               ; 20 LEs                 ; No         ; |t2b_riscv_cpu|riscv_cpu:rvsingle|datapath:dp|alu:alu|Mux24        ;
; 19:1               ; 4 bits    ; 48 LEs        ; 32 LEs               ; 16 LEs                 ; No         ; |t2b_riscv_cpu|riscv_cpu:rvsingle|datapath:dp|alu:alu|Mux6         ;
; 20:1               ; 2 bits    ; 26 LEs        ; 16 LEs               ; 10 LEs                 ; No         ; |t2b_riscv_cpu|riscv_cpu:rvsingle|datapath:dp|alu:alu|Mux29        ;
; 20:1               ; 2 bits    ; 26 LEs        ; 16 LEs               ; 10 LEs                 ; No         ; |t2b_riscv_cpu|riscv_cpu:rvsingle|datapath:dp|alu:alu|Mux3         ;
; 21:1               ; 2 bits    ; 28 LEs        ; 18 LEs               ; 10 LEs                 ; No         ; |t2b_riscv_cpu|riscv_cpu:rvsingle|datapath:dp|alu:alu|Mux1         ;
+--------------------+-----------+---------------+----------------------+------------------------+------------+--------------------------------------------------------------------+


+--------------------------------------------------------------------------------------------+
; Parameter Settings for User Entity Instance: riscv_cpu:rvsingle|datapath:dp|reset_ff:pcreg ;
+----------------+-------+-------------------------------------------------------------------+
; Parameter Name ; Value ; Type                                                              ;
+----------------+-------+-------------------------------------------------------------------+
; WIDTH          ; 32    ; Signed Integer                                                    ;
+----------------+-------+-------------------------------------------------------------------+
Note: In order to hide this table in the UI and the text report file, please set the "Show Parameter Settings in Synthesis Report" option in "Analysis and Synthesis Settings -> More Settings" to "Off".


+------------------------------------------------------------------------------------------+
; Parameter Settings for User Entity Instance: riscv_cpu:rvsingle|datapath:dp|adder:pcadd4 ;
+----------------+-------+-----------------------------------------------------------------+
; Parameter Name ; Value ; Type                                                            ;
+----------------+-------+-----------------------------------------------------------------+
; WIDTH          ; 32    ; Signed Integer                                                  ;
+----------------+-------+-----------------------------------------------------------------+
Note: In order to hide this table in the UI and the text report file, please set the "Show Parameter Settings in Synthesis Report" option in "Analysis and Synthesis Settings -> More Settings" to "Off".


+-----------------------------------------------------------------------------------------------+
; Parameter Settings for User Entity Instance: riscv_cpu:rvsingle|datapath:dp|adder:pcaddbranch ;
+----------------+-------+----------------------------------------------------------------------+
; Parameter Name ; Value ; Type                                                                 ;
+----------------+-------+----------------------------------------------------------------------+
; WIDTH          ; 32    ; Signed Integer                                                       ;
+----------------+-------+----------------------------------------------------------------------+
Note: In order to hide this table in the UI and the text report file, please set the "Show Parameter Settings in Synthesis Report" option in "Analysis and Synthesis Settings -> More Settings" to "Off".


+--------------------------------------------------------------------------------------------+
; Parameter Settings for User Entity Instance: riscv_cpu:rvsingle|datapath:dp|mux2:pcjalrmux ;
+----------------+-------+-------------------------------------------------------------------+
; Parameter Name ; Value ; Type                                                              ;
+----------------+-------+-------------------------------------------------------------------+
; WIDTH          ; 32    ; Signed Integer                                                    ;
+----------------+-------+-------------------------------------------------------------------+
Note: In order to hide this table in the UI and the text report file, please set the "Show Parameter Settings in Synthesis Report" option in "Analysis and Synthesis Settings -> More Settings" to "Off".


+----------------------------------------------------------------------------------------+
; Parameter Settings for User Entity Instance: riscv_cpu:rvsingle|datapath:dp|mux2:pcmux ;
+----------------+-------+---------------------------------------------------------------+
; Parameter Name ; Value ; Type                                                          ;
+----------------+-------+---------------------------------------------------------------+
; WIDTH          ; 32    ; Signed Integer                                                ;
+----------------+-------+---------------------------------------------------------------+
Note: In order to hide this table in the UI and the text report file, please set the "Show Parameter Settings in Synthesis Report" option in "Analysis and Synthesis Settings -> More Settings" to "Off".


+-----------------------------------------------------------------------------------------+
; Parameter Settings for User Entity Instance: riscv_cpu:rvsingle|datapath:dp|reg_file:rf ;
+----------------+-------+----------------------------------------------------------------+
; Parameter Name ; Value ; Type                                                           ;
+----------------+-------+----------------------------------------------------------------+
; DATA_WIDTH     ; 32    ; Signed Integer                                                 ;
+----------------+-------+----------------------------------------------------------------+
Note: In order to hide this table in the UI and the text report file, please set the "Show Parameter Settings in Synthesis Report" option in "Analysis and Synthesis Settings -> More Settings" to "Off".


+------------------------------------------------------------------------------------------+
; Parameter Settings for User Entity Instance: riscv_cpu:rvsingle|datapath:dp|mux2:srcbmux ;
+----------------+-------+-----------------------------------------------------------------+
; Parameter Name ; Value ; Type                                                            ;
+----------------+-------+-----------------------------------------------------------------+
; WIDTH          ; 32    ; Signed Integer                                                  ;
+----------------+-------+-----------------------------------------------------------------+
Note: In order to hide this table in the UI and the text report file, please set the "Show Parameter Settings in Synthesis Report" option in "Analysis and Synthesis Settings -> More Settings" to "Off".


+-------------------------------------------------------------------------------------+
; Parameter Settings for User Entity Instance: riscv_cpu:rvsingle|datapath:dp|alu:alu ;
+----------------+-------+------------------------------------------------------------+
; Parameter Name ; Value ; Type                                                       ;
+----------------+-------+------------------------------------------------------------+
; WIDTH          ; 32    ; Signed Integer                                             ;
+----------------+-------+------------------------------------------------------------+
Note: In order to hide this table in the UI and the text report file, please set the "Show Parameter Settings in Synthesis Report" option in "Analysis and Synthesis Settings -> More Settings" to "Off".


+--------------------------------------------------------------------------------------------+
; Parameter Settings for User Entity Instance: riscv_cpu:rvsingle|datapath:dp|adder:auipcadd ;
+----------------+-------+-------------------------------------------------------------------+
; Parameter Name ; Value ; Type                                                              ;
+----------------+-------+-------------------------------------------------------------------+
; WIDTH          ; 32    ; Signed Integer                                                    ;
+----------------+-------+-------------------------------------------------------------------+
Note: In order to hide this table in the UI and the text report file, please set the "Show Parameter Settings in Synthesis Report" option in "Analysis and Synthesis Settings -> More Settings" to "Off".


+-------------------------------------------------------------------------------------------+
; Parameter Settings for User Entity Instance: riscv_cpu:rvsingle|datapath:dp|mux2:luipcmux ;
+----------------+-------+------------------------------------------------------------------+
; Parameter Name ; Value ; Type                                                             ;
+----------------+-------+------------------------------------------------------------------+
; WIDTH          ; 32    ; Signed Integer                                                   ;
+----------------+-------+------------------------------------------------------------------+
Note: In order to hide this table in the UI and the text report file, please set the "Show Parameter Settings in Synthesis Report" option in "Analysis and Synthesis Settings -> More Settings" to "Off".


+--------------------------------------------------------------------------------------------+
; Parameter Settings for User Entity Instance: riscv_cpu:rvsingle|datapath:dp|mux4:resultmux ;
+----------------+-------+-------------------------------------------------------------------+
; Parameter Name ; Value ; Type                                                              ;
+----------------+-------+-------------------------------------------------------------------+
; WIDTH          ; 32    ; Signed Integer                                                    ;
+----------------+-------+-------------------------------------------------------------------+
Note: In order to hide this table in the UI and the text report file, please set the "Show Parameter Settings in Synthesis Report" option in "Analysis and Synthesis Settings -> More Settings" to "Off".


+-------------------------------------------------------------+
; Parameter Settings for User Entity Instance: instr_mem:imem ;
+----------------+-------+------------------------------------+
; Parameter Name ; Value ; Type                               ;
+----------------+-------+------------------------------------+
; DATA_WIDTH     ; 32    ; Signed Integer                     ;
; ADDR_WIDTH     ; 32    ; Signed Integer                     ;
; MEM_SIZE       ; 512   ; Signed Integer                     ;
+----------------+-------+------------------------------------+
Note: In order to hide this table in the UI and the text report file, please set the "Show Parameter Settings in Synthesis Report" option in "Analysis and Synthesis Settings -> More Settings" to "Off".


+------------------------------------------------------------+
; Parameter Settings for User Entity Instance: data_mem:dmem ;
+----------------+-------+-----------------------------------+
; Parameter Name ; Value ; Type                              ;
+----------------+-------+-----------------------------------+
; DATA_WIDTH     ; 32    ; Signed Integer                    ;
; ADDR_WIDTH     ; 32    ; Signed Integer                    ;
; MEM_SIZE       ; 64    ; Signed Integer                    ;
+----------------+-------+-----------------------------------+
Note: In order to hide this table in the UI and the text report file, please set the "Show Parameter Settings in Synthesis Report" option in "Analysis and Synthesis Settings -> More Settings" to "Off".


+--------------------------------------------------------------------------+
; Port Connectivity Checks: "riscv_cpu:rvsingle|datapath:dp|mux2:luipcmux" ;
+-----------+-------+----------+-------------------------------------------+
; Port      ; Type  ; Severity ; Details                                   ;
+-----------+-------+----------+-------------------------------------------+
; d1[11..0] ; Input ; Info     ; Stuck at GND                              ;
+-----------+-------+----------+-------------------------------------------+


+---------------------------------------------------------------------------+
; Port Connectivity Checks: "riscv_cpu:rvsingle|datapath:dp|adder:auipcadd" ;
+----------+-------+----------+---------------------------------------------+
; Port     ; Type  ; Severity ; Details                                     ;
+----------+-------+----------+---------------------------------------------+
; b[11..0] ; Input ; Info     ; Stuck at GND                                ;
+----------+-------+----------+---------------------------------------------+


+-------------------------------------------------------------------------+
; Port Connectivity Checks: "riscv_cpu:rvsingle|datapath:dp|adder:pcadd4" ;
+----------+-------+----------+-------------------------------------------+
; Port     ; Type  ; Severity ; Details                                   ;
+----------+-------+----------+-------------------------------------------+
; b[31..3] ; Input ; Info     ; Stuck at GND                              ;
; b[1..0]  ; Input ; Info     ; Stuck at GND                              ;
; b[2]     ; Input ; Info     ; Stuck at VCC                              ;
+----------+-------+----------+-------------------------------------------+


+------------------------------------------------------------------------------------------------------------------+
; Port Connectivity Checks: "riscv_cpu:rvsingle|controller:c|main_decoder:md"                                      ;
+--------+--------+----------+-------------------------------------------------------------------------------------+
; Port   ; Type   ; Severity ; Details                                                                             ;
+--------+--------+----------+-------------------------------------------------------------------------------------+
; ALUR31 ; Output ; Info     ; Connected to dangling logic. Logic that only feeds a dangling port will be removed. ;
; ALUR0  ; Output ; Info     ; Connected to dangling logic. Logic that only feeds a dangling port will be removed. ;
; Zero   ; Output ; Info     ; Connected to dangling logic. Logic that only feeds a dangling port will be removed. ;
+--------+--------+----------+-------------------------------------------------------------------------------------+


+-----------------------------------------------------+
; Post-Synthesis Netlist Statistics for Top Partition ;
+-----------------------+-----------------------------+
; Type                  ; Count                       ;
+-----------------------+-----------------------------+
; boundary_port         ; 164                         ;
; cycloneiii_ff         ; 3104                        ;
;     CLR SLD           ; 30                          ;
;     ENA               ; 3072                        ;
;     ENA CLR           ; 2                           ;
; cycloneiii_lcell_comb ; 4562                        ;
;     arith             ; 172                         ;
;         2 data inputs ; 29                          ;
;         3 data inputs ; 143                         ;
;     normal            ; 4390                        ;
;         1 data inputs ; 1                           ;
;         2 data inputs ; 96                          ;
;         3 data inputs ; 343                         ;
;         4 data inputs ; 3950                        ;
;                       ;                             ;
; Max LUT depth         ; 29.00                       ;
; Average LUT depth     ; 18.48                       ;
+-----------------------+-----------------------------+


+-------------------------------+
; Elapsed Time Per Partition    ;
+----------------+--------------+
; Partition Name ; Elapsed Time ;
+----------------+--------------+
; Top            ; 00:00:22     ;
+----------------+--------------+


+-------------------------------+
; Analysis & Synthesis Messages ;
+-------------------------------+
Info: *******************************************************************
Info: Running Quartus Prime Analysis & Synthesis
    Info: Version 20.1.1 Build 720 11/11/2020 SJ Lite Edition
    Info: Processing started: Wed Dec 27 12:57:26 2023
Info: Command: quartus_map --read_settings_files=on --write_settings_files=off t2b_riscv_cpu -c t2b_riscv_cpu
Warning (18236): Number of processors has not been specified which may cause overloading on shared machines.  Set the global assignment NUM_PARALLEL_PROCESSORS in your QSF to an appropriate value for best performance.
Info (20030): Parallel compilation is enabled and will use 8 of the 8 processors detected
Info (12021): Found 1 design units, including 1 entities, in source file verilog_codes/store_extend.v
    Info (12023): Found entity 1: store_extend File: D:/E-yantra_work/eyrc23_ab_3265/t2b_riscv_cpu/verilog_codes/store_extend.v Line: 4
Info (12021): Found 1 design units, including 1 entities, in source file verilog_codes/sign_extend.v
    Info (12023): Found entity 1: sign_extend File: D:/E-yantra_work/eyrc23_ab_3265/t2b_riscv_cpu/verilog_codes/sign_extend.v Line: 4
Info (12021): Found 1 design units, including 1 entities, in source file verilog_codes/reset_ff.v
    Info (12023): Found entity 1: reset_ff File: D:/E-yantra_work/eyrc23_ab_3265/t2b_riscv_cpu/verilog_codes/reset_ff.v Line: 4
Info (12021): Found 1 design units, including 1 entities, in source file verilog_codes/reg_file.v
    Info (12023): Found entity 1: reg_file File: D:/E-yantra_work/eyrc23_ab_3265/t2b_riscv_cpu/verilog_codes/reg_file.v Line: 8
Info (12021): Found 1 design units, including 1 entities, in source file verilog_codes/mux4.v
    Info (12023): Found entity 1: mux4 File: D:/E-yantra_work/eyrc23_ab_3265/t2b_riscv_cpu/verilog_codes/mux4.v Line: 4
Info (12021): Found 1 design units, including 1 entities, in source file verilog_codes/mux3.v
    Info (12023): Found entity 1: mux3 File: D:/E-yantra_work/eyrc23_ab_3265/t2b_riscv_cpu/verilog_codes/mux3.v Line: 4
Info (12021): Found 1 design units, including 1 entities, in source file verilog_codes/mux2.v
    Info (12023): Found entity 1: mux2 File: D:/E-yantra_work/eyrc23_ab_3265/t2b_riscv_cpu/verilog_codes/mux2.v Line: 4
Info (12021): Found 1 design units, including 1 entities, in source file verilog_codes/main_decoder.v
    Info (12023): Found entity 1: main_decoder File: D:/E-yantra_work/eyrc23_ab_3265/t2b_riscv_cpu/verilog_codes/main_decoder.v Line: 4
Info (12021): Found 1 design units, including 1 entities, in source file verilog_codes/load_extend.v
    Info (12023): Found entity 1: load_extend File: D:/E-yantra_work/eyrc23_ab_3265/t2b_riscv_cpu/verilog_codes/load_extend.v Line: 5
Info (12021): Found 1 design units, including 1 entities, in source file verilog_codes/imm_extend.v
    Info (12023): Found entity 1: imm_extend File: D:/E-yantra_work/eyrc23_ab_3265/t2b_riscv_cpu/verilog_codes/imm_extend.v Line: 4
Info (12021): Found 1 design units, including 1 entities, in source file verilog_codes/datapath.v
    Info (12023): Found entity 1: datapath File: D:/E-yantra_work/eyrc23_ab_3265/t2b_riscv_cpu/verilog_codes/datapath.v Line: 4
Info (12021): Found 1 design units, including 1 entities, in source file verilog_codes/controller.v
    Info (12023): Found entity 1: controller File: D:/E-yantra_work/eyrc23_ab_3265/t2b_riscv_cpu/verilog_codes/controller.v Line: 4
Info (12021): Found 1 design units, including 1 entities, in source file verilog_codes/alu_decoder.v
    Info (12023): Found entity 1: alu_decoder File: D:/E-yantra_work/eyrc23_ab_3265/t2b_riscv_cpu/verilog_codes/alu_decoder.v Line: 4
Info (12021): Found 1 design units, including 1 entities, in source file verilog_codes/alu.v
    Info (12023): Found entity 1: alu File: D:/E-yantra_work/eyrc23_ab_3265/t2b_riscv_cpu/verilog_codes/alu.v Line: 4
Info (12021): Found 1 design units, including 1 entities, in source file verilog_codes/adder.v
    Info (12023): Found entity 1: adder File: D:/E-yantra_work/eyrc23_ab_3265/t2b_riscv_cpu/verilog_codes/adder.v Line: 4
Info (12021): Found 1 design units, including 1 entities, in source file instr_mem.v
    Info (12023): Found entity 1: instr_mem File: D:/E-yantra_work/eyrc23_ab_3265/t2b_riscv_cpu/instr_mem.v Line: 4
Info (12021): Found 1 design units, including 1 entities, in source file data_mem.v
    Info (12023): Found entity 1: data_mem File: D:/E-yantra_work/eyrc23_ab_3265/t2b_riscv_cpu/data_mem.v Line: 32
Info (12021): Found 1 design units, including 1 entities, in source file riscv_cpu.v
    Info (12023): Found entity 1: riscv_cpu File: D:/E-yantra_work/eyrc23_ab_3265/t2b_riscv_cpu/riscv_cpu.v Line: 4
Info (12021): Found 1 design units, including 1 entities, in source file t2b_riscv_cpu.v
    Info (12023): Found entity 1: t2b_riscv_cpu File: D:/E-yantra_work/eyrc23_ab_3265/t2b_riscv_cpu/t2b_riscv_cpu.v Line: 17
Info (12127): Elaborating entity "t2b_riscv_cpu" for the top level hierarchy
Warning (10036): Verilog HDL or VHDL warning at t2b_riscv_cpu.v(31): object "funct" assigned a value but never read File: D:/E-yantra_work/eyrc23_ab_3265/t2b_riscv_cpu/t2b_riscv_cpu.v Line: 31
Warning (10230): Verilog HDL assignment warning at t2b_riscv_cpu.v(39): truncated value with size 32 to match size of target (1) File: D:/E-yantra_work/eyrc23_ab_3265/t2b_riscv_cpu/t2b_riscv_cpu.v Line: 39
Info (12128): Elaborating entity "riscv_cpu" for hierarchy "riscv_cpu:rvsingle" File: D:/E-yantra_work/eyrc23_ab_3265/t2b_riscv_cpu/t2b_riscv_cpu.v Line: 34
Info (12128): Elaborating entity "controller" for hierarchy "riscv_cpu:rvsingle|controller:c" File: D:/E-yantra_work/eyrc23_ab_3265/t2b_riscv_cpu/riscv_cpu.v Line: 21
Info (12128): Elaborating entity "main_decoder" for hierarchy "riscv_cpu:rvsingle|controller:c|main_decoder:md" File: D:/E-yantra_work/eyrc23_ab_3265/t2b_riscv_cpu/verilog_codes/controller.v Line: 23
Warning (10270): Verilog HDL Case Statement warning at main_decoder.v(22): incomplete case statement has no default case item File: D:/E-yantra_work/eyrc23_ab_3265/t2b_riscv_cpu/verilog_codes/main_decoder.v Line: 22
Warning (10270): Verilog HDL Case Statement warning at main_decoder.v(31): incomplete case statement has no default case item File: D:/E-yantra_work/eyrc23_ab_3265/t2b_riscv_cpu/verilog_codes/main_decoder.v Line: 31
Warning (10240): Verilog HDL Always Construct warning at main_decoder.v(19): inferring latch(es) for variable "controls", which holds its previous value in one or more paths through the always construct File: D:/E-yantra_work/eyrc23_ab_3265/t2b_riscv_cpu/verilog_codes/main_decoder.v Line: 19
Warning (10030): Net "ALUR31" at main_decoder.v(8) has no driver or initial value, using a default initial value '0' File: D:/E-yantra_work/eyrc23_ab_3265/t2b_riscv_cpu/verilog_codes/main_decoder.v Line: 8
Warning (10030): Net "ALUR0" at main_decoder.v(8) has no driver or initial value, using a default initial value '0' File: D:/E-yantra_work/eyrc23_ab_3265/t2b_riscv_cpu/verilog_codes/main_decoder.v Line: 8
Warning (10030): Net "Zero" at main_decoder.v(9) has no driver or initial value, using a default initial value '0' File: D:/E-yantra_work/eyrc23_ab_3265/t2b_riscv_cpu/verilog_codes/main_decoder.v Line: 9
Info (10041): Inferred latch for "controls[0]" at main_decoder.v(19) File: D:/E-yantra_work/eyrc23_ab_3265/t2b_riscv_cpu/verilog_codes/main_decoder.v Line: 19
Info (10041): Inferred latch for "controls[1]" at main_decoder.v(19) File: D:/E-yantra_work/eyrc23_ab_3265/t2b_riscv_cpu/verilog_codes/main_decoder.v Line: 19
Info (10041): Inferred latch for "controls[2]" at main_decoder.v(19) File: D:/E-yantra_work/eyrc23_ab_3265/t2b_riscv_cpu/verilog_codes/main_decoder.v Line: 19
Info (10041): Inferred latch for "controls[3]" at main_decoder.v(19) File: D:/E-yantra_work/eyrc23_ab_3265/t2b_riscv_cpu/verilog_codes/main_decoder.v Line: 19
Info (10041): Inferred latch for "controls[4]" at main_decoder.v(19) File: D:/E-yantra_work/eyrc23_ab_3265/t2b_riscv_cpu/verilog_codes/main_decoder.v Line: 19
Info (10041): Inferred latch for "controls[5]" at main_decoder.v(19) File: D:/E-yantra_work/eyrc23_ab_3265/t2b_riscv_cpu/verilog_codes/main_decoder.v Line: 19
Info (10041): Inferred latch for "controls[6]" at main_decoder.v(19) File: D:/E-yantra_work/eyrc23_ab_3265/t2b_riscv_cpu/verilog_codes/main_decoder.v Line: 19
Info (10041): Inferred latch for "controls[7]" at main_decoder.v(19) File: D:/E-yantra_work/eyrc23_ab_3265/t2b_riscv_cpu/verilog_codes/main_decoder.v Line: 19
Info (10041): Inferred latch for "controls[8]" at main_decoder.v(19) File: D:/E-yantra_work/eyrc23_ab_3265/t2b_riscv_cpu/verilog_codes/main_decoder.v Line: 19
Info (10041): Inferred latch for "controls[9]" at main_decoder.v(19) File: D:/E-yantra_work/eyrc23_ab_3265/t2b_riscv_cpu/verilog_codes/main_decoder.v Line: 19
Info (10041): Inferred latch for "controls[10]" at main_decoder.v(19) File: D:/E-yantra_work/eyrc23_ab_3265/t2b_riscv_cpu/verilog_codes/main_decoder.v Line: 19
Info (10041): Inferred latch for "controls[11]" at main_decoder.v(19) File: D:/E-yantra_work/eyrc23_ab_3265/t2b_riscv_cpu/verilog_codes/main_decoder.v Line: 19
Info (10041): Inferred latch for "controls[12]" at main_decoder.v(19) File: D:/E-yantra_work/eyrc23_ab_3265/t2b_riscv_cpu/verilog_codes/main_decoder.v Line: 19
Info (10041): Inferred latch for "controls[13]" at main_decoder.v(19) File: D:/E-yantra_work/eyrc23_ab_3265/t2b_riscv_cpu/verilog_codes/main_decoder.v Line: 19
Info (10041): Inferred latch for "controls[14]" at main_decoder.v(19) File: D:/E-yantra_work/eyrc23_ab_3265/t2b_riscv_cpu/verilog_codes/main_decoder.v Line: 19
Info (10041): Inferred latch for "controls[15]" at main_decoder.v(19) File: D:/E-yantra_work/eyrc23_ab_3265/t2b_riscv_cpu/verilog_codes/main_decoder.v Line: 19
Info (10041): Inferred latch for "controls[16]" at main_decoder.v(19) File: D:/E-yantra_work/eyrc23_ab_3265/t2b_riscv_cpu/verilog_codes/main_decoder.v Line: 19
Info (12128): Elaborating entity "alu_decoder" for hierarchy "riscv_cpu:rvsingle|controller:c|alu_decoder:ad" File: D:/E-yantra_work/eyrc23_ab_3265/t2b_riscv_cpu/verilog_codes/controller.v Line: 25
Info (12128): Elaborating entity "datapath" for hierarchy "riscv_cpu:rvsingle|datapath:dp" File: D:/E-yantra_work/eyrc23_ab_3265/t2b_riscv_cpu/riscv_cpu.v Line: 25
Info (12128): Elaborating entity "reset_ff" for hierarchy "riscv_cpu:rvsingle|datapath:dp|reset_ff:pcreg" File: D:/E-yantra_work/eyrc23_ab_3265/t2b_riscv_cpu/verilog_codes/datapath.v Line: 26
Info (12128): Elaborating entity "adder" for hierarchy "riscv_cpu:rvsingle|datapath:dp|adder:pcadd4" File: D:/E-yantra_work/eyrc23_ab_3265/t2b_riscv_cpu/verilog_codes/datapath.v Line: 27
Info (12128): Elaborating entity "mux2" for hierarchy "riscv_cpu:rvsingle|datapath:dp|mux2:pcjalrmux" File: D:/E-yantra_work/eyrc23_ab_3265/t2b_riscv_cpu/verilog_codes/datapath.v Line: 29
Info (12128): Elaborating entity "reg_file" for hierarchy "riscv_cpu:rvsingle|datapath:dp|reg_file:rf" File: D:/E-yantra_work/eyrc23_ab_3265/t2b_riscv_cpu/verilog_codes/datapath.v Line: 40
Info (12128): Elaborating entity "imm_extend" for hierarchy "riscv_cpu:rvsingle|datapath:dp|imm_extend:ext" File: D:/E-yantra_work/eyrc23_ab_3265/t2b_riscv_cpu/verilog_codes/datapath.v Line: 41
Info (12128): Elaborating entity "alu" for hierarchy "riscv_cpu:rvsingle|datapath:dp|alu:alu" File: D:/E-yantra_work/eyrc23_ab_3265/t2b_riscv_cpu/verilog_codes/datapath.v Line: 45
Warning (10272): Verilog HDL Case Statement warning at alu.v(24): case item expression covers a value already covered by a previous case item File: D:/E-yantra_work/eyrc23_ab_3265/t2b_riscv_cpu/verilog_codes/alu.v Line: 24
Info (12128): Elaborating entity "load_extend" for hierarchy "riscv_cpu:rvsingle|datapath:dp|load_extend:ldextd" File: D:/E-yantra_work/eyrc23_ab_3265/t2b_riscv_cpu/verilog_codes/datapath.v Line: 48
Info (12128): Elaborating entity "mux4" for hierarchy "riscv_cpu:rvsingle|datapath:dp|mux4:resultmux" File: D:/E-yantra_work/eyrc23_ab_3265/t2b_riscv_cpu/verilog_codes/datapath.v Line: 53
Info (12128): Elaborating entity "store_extend" for hierarchy "riscv_cpu:rvsingle|datapath:dp|store_extend:strextd" File: D:/E-yantra_work/eyrc23_ab_3265/t2b_riscv_cpu/verilog_codes/datapath.v Line: 56
Info (12128): Elaborating entity "instr_mem" for hierarchy "instr_mem:imem" File: D:/E-yantra_work/eyrc23_ab_3265/t2b_riscv_cpu/t2b_riscv_cpu.v Line: 35
Warning (10030): Net "instr_ram.data_a" at instr_mem.v(10) has no driver or initial value, using a default initial value '0' File: D:/E-yantra_work/eyrc23_ab_3265/t2b_riscv_cpu/instr_mem.v Line: 10
Warning (10030): Net "instr_ram.waddr_a" at instr_mem.v(10) has no driver or initial value, using a default initial value '0' File: D:/E-yantra_work/eyrc23_ab_3265/t2b_riscv_cpu/instr_mem.v Line: 10
Warning (10030): Net "instr_ram.we_a" at instr_mem.v(10) has no driver or initial value, using a default initial value '0' File: D:/E-yantra_work/eyrc23_ab_3265/t2b_riscv_cpu/instr_mem.v Line: 10
Info (12128): Elaborating entity "data_mem" for hierarchy "data_mem:dmem" File: D:/E-yantra_work/eyrc23_ab_3265/t2b_riscv_cpu/t2b_riscv_cpu.v Line: 36
Info (276014): Found 2 instances of uninferred RAM logic
    Info (276007): RAM logic "riscv_cpu:rvsingle|datapath:dp|reg_file:rf|reg_file_arr" is uninferred due to asynchronous read logic File: D:/E-yantra_work/eyrc23_ab_3265/t2b_riscv_cpu/verilog_codes/reg_file.v Line: 16
    Info (276007): RAM logic "data_mem:dmem|data_ram" is uninferred due to asynchronous read logic File: D:/E-yantra_work/eyrc23_ab_3265/t2b_riscv_cpu/data_mem.v Line: 39
Info (13025): Duplicate LATCH primitives merged into single LATCH primitive
    Info (13026): Duplicate LATCH primitive "riscv_cpu:rvsingle|controller:c|main_decoder:md|controls[9]" merged with LATCH primitive "riscv_cpu:rvsingle|controller:c|main_decoder:md|controls[7]" File: D:/E-yantra_work/eyrc23_ab_3265/t2b_riscv_cpu/verilog_codes/main_decoder.v Line: 16
Warning (13012): Latch riscv_cpu:rvsingle|controller:c|main_decoder:md|controls[12] has unsafe behavior File: D:/E-yantra_work/eyrc23_ab_3265/t2b_riscv_cpu/verilog_codes/main_decoder.v Line: 19
    Warning (13013): Ports D and ENA on the latch are fed by the same signal riscv_cpu:rvsingle|datapath:dp|reset_ff:pcreg|q[10] File: D:/E-yantra_work/eyrc23_ab_3265/t2b_riscv_cpu/verilog_codes/reset_ff.v Line: 12
Warning (13012): Latch riscv_cpu:rvsingle|controller:c|main_decoder:md|controls[4] has unsafe behavior File: D:/E-yantra_work/eyrc23_ab_3265/t2b_riscv_cpu/verilog_codes/main_decoder.v Line: 19
    Warning (13013): Ports D and ENA on the latch are fed by the same signal riscv_cpu:rvsingle|datapath:dp|reset_ff:pcreg|q[10] File: D:/E-yantra_work/eyrc23_ab_3265/t2b_riscv_cpu/verilog_codes/reset_ff.v Line: 12
Warning (13012): Latch riscv_cpu:rvsingle|controller:c|main_decoder:md|controls[5] has unsafe behavior File: D:/E-yantra_work/eyrc23_ab_3265/t2b_riscv_cpu/verilog_codes/main_decoder.v Line: 19
    Warning (13013): Ports D and ENA on the latch are fed by the same signal riscv_cpu:rvsingle|datapath:dp|reset_ff:pcreg|q[10] File: D:/E-yantra_work/eyrc23_ab_3265/t2b_riscv_cpu/verilog_codes/reset_ff.v Line: 12
Warning (13012): Latch riscv_cpu:rvsingle|controller:c|main_decoder:md|controls[8] has unsafe behavior File: D:/E-yantra_work/eyrc23_ab_3265/t2b_riscv_cpu/verilog_codes/main_decoder.v Line: 19
    Warning (13013): Ports D and ENA on the latch are fed by the same signal riscv_cpu:rvsingle|datapath:dp|reset_ff:pcreg|q[10] File: D:/E-yantra_work/eyrc23_ab_3265/t2b_riscv_cpu/verilog_codes/reset_ff.v Line: 12
Warning (13012): Latch riscv_cpu:rvsingle|controller:c|main_decoder:md|controls[7] has unsafe behavior File: D:/E-yantra_work/eyrc23_ab_3265/t2b_riscv_cpu/verilog_codes/main_decoder.v Line: 19
    Warning (13013): Ports D and ENA on the latch are fed by the same signal riscv_cpu:rvsingle|datapath:dp|reset_ff:pcreg|q[10] File: D:/E-yantra_work/eyrc23_ab_3265/t2b_riscv_cpu/verilog_codes/reset_ff.v Line: 12
Warning (13012): Latch riscv_cpu:rvsingle|controller:c|main_decoder:md|controls[15] has unsafe behavior File: D:/E-yantra_work/eyrc23_ab_3265/t2b_riscv_cpu/verilog_codes/main_decoder.v Line: 19
    Warning (13013): Ports D and ENA on the latch are fed by the same signal riscv_cpu:rvsingle|datapath:dp|reset_ff:pcreg|q[10] File: D:/E-yantra_work/eyrc23_ab_3265/t2b_riscv_cpu/verilog_codes/reset_ff.v Line: 12
Warning (13012): Latch riscv_cpu:rvsingle|controller:c|main_decoder:md|controls[13] has unsafe behavior File: D:/E-yantra_work/eyrc23_ab_3265/t2b_riscv_cpu/verilog_codes/main_decoder.v Line: 19
    Warning (13013): Ports D and ENA on the latch are fed by the same signal riscv_cpu:rvsingle|datapath:dp|reset_ff:pcreg|q[10] File: D:/E-yantra_work/eyrc23_ab_3265/t2b_riscv_cpu/verilog_codes/reset_ff.v Line: 12
Warning (13012): Latch riscv_cpu:rvsingle|controller:c|main_decoder:md|controls[14] has unsafe behavior File: D:/E-yantra_work/eyrc23_ab_3265/t2b_riscv_cpu/verilog_codes/main_decoder.v Line: 19
    Warning (13013): Ports D and ENA on the latch are fed by the same signal riscv_cpu:rvsingle|datapath:dp|reset_ff:pcreg|q[10] File: D:/E-yantra_work/eyrc23_ab_3265/t2b_riscv_cpu/verilog_codes/reset_ff.v Line: 12
Warning (13012): Latch riscv_cpu:rvsingle|controller:c|main_decoder:md|controls[6] has unsafe behavior File: D:/E-yantra_work/eyrc23_ab_3265/t2b_riscv_cpu/verilog_codes/main_decoder.v Line: 19
    Warning (13013): Ports D and ENA on the latch are fed by the same signal riscv_cpu:rvsingle|datapath:dp|reset_ff:pcreg|q[10] File: D:/E-yantra_work/eyrc23_ab_3265/t2b_riscv_cpu/verilog_codes/reset_ff.v Line: 12
Warning (13012): Latch riscv_cpu:rvsingle|controller:c|main_decoder:md|controls[0] has unsafe behavior File: D:/E-yantra_work/eyrc23_ab_3265/t2b_riscv_cpu/verilog_codes/main_decoder.v Line: 19
    Warning (13013): Ports D and ENA on the latch are fed by the same signal riscv_cpu:rvsingle|datapath:dp|reset_ff:pcreg|q[10] File: D:/E-yantra_work/eyrc23_ab_3265/t2b_riscv_cpu/verilog_codes/reset_ff.v Line: 12
Warning (13012): Latch riscv_cpu:rvsingle|controller:c|main_decoder:md|controls[10] has unsafe behavior File: D:/E-yantra_work/eyrc23_ab_3265/t2b_riscv_cpu/verilog_codes/main_decoder.v Line: 19
    Warning (13013): Ports D and ENA on the latch are fed by the same signal riscv_cpu:rvsingle|datapath:dp|reset_ff:pcreg|q[10] File: D:/E-yantra_work/eyrc23_ab_3265/t2b_riscv_cpu/verilog_codes/reset_ff.v Line: 12
Warning (13012): Latch riscv_cpu:rvsingle|controller:c|main_decoder:md|controls[11] has unsafe behavior File: D:/E-yantra_work/eyrc23_ab_3265/t2b_riscv_cpu/verilog_codes/main_decoder.v Line: 19
    Warning (13013): Ports D and ENA on the latch are fed by the same signal riscv_cpu:rvsingle|datapath:dp|reset_ff:pcreg|q[10] File: D:/E-yantra_work/eyrc23_ab_3265/t2b_riscv_cpu/verilog_codes/reset_ff.v Line: 12
Warning (13012): Latch riscv_cpu:rvsingle|controller:c|main_decoder:md|controls[16] has unsafe behavior File: D:/E-yantra_work/eyrc23_ab_3265/t2b_riscv_cpu/verilog_codes/main_decoder.v Line: 19
    Warning (13013): Ports D and ENA on the latch are fed by the same signal riscv_cpu:rvsingle|datapath:dp|reset_ff:pcreg|q[10] File: D:/E-yantra_work/eyrc23_ab_3265/t2b_riscv_cpu/verilog_codes/reset_ff.v Line: 12
Warning (13012): Latch riscv_cpu:rvsingle|controller:c|main_decoder:md|controls[2] has unsafe behavior File: D:/E-yantra_work/eyrc23_ab_3265/t2b_riscv_cpu/verilog_codes/main_decoder.v Line: 19
    Warning (13013): Ports D and ENA on the latch are fed by the same signal riscv_cpu:rvsingle|datapath:dp|reset_ff:pcreg|q[10] File: D:/E-yantra_work/eyrc23_ab_3265/t2b_riscv_cpu/verilog_codes/reset_ff.v Line: 12
Warning (13012): Latch riscv_cpu:rvsingle|controller:c|main_decoder:md|controls[3] has unsafe behavior File: D:/E-yantra_work/eyrc23_ab_3265/t2b_riscv_cpu/verilog_codes/main_decoder.v Line: 19
    Warning (13013): Ports D and ENA on the latch are fed by the same signal riscv_cpu:rvsingle|datapath:dp|reset_ff:pcreg|q[10] File: D:/E-yantra_work/eyrc23_ab_3265/t2b_riscv_cpu/verilog_codes/reset_ff.v Line: 12
Warning (13012): Latch riscv_cpu:rvsingle|controller:c|main_decoder:md|controls[1] has unsafe behavior File: D:/E-yantra_work/eyrc23_ab_3265/t2b_riscv_cpu/verilog_codes/main_decoder.v Line: 19
    Warning (13013): Ports D and ENA on the latch are fed by the same signal riscv_cpu:rvsingle|datapath:dp|reset_ff:pcreg|q[10] File: D:/E-yantra_work/eyrc23_ab_3265/t2b_riscv_cpu/verilog_codes/reset_ff.v Line: 12
Info (286030): Timing-Driven Synthesis is running
Info (144001): Generated suppressed messages file D:/E-yantra_work/eyrc23_ab_3265/t2b_riscv_cpu/output_files/t2b_riscv_cpu.map.smsg
Info (16010): Generating hard_block partition "hard_block:auto_generated_inst"
    Info (16011): Adding 0 node(s), including 0 DDIO, 0 PLL, 0 transceiver and 0 LCELL
Info (21057): Implemented 7798 device resources after synthesis - the final resource count might be different
    Info (21058): Implemented 67 input pins
    Info (21059): Implemented 97 output pins
    Info (21061): Implemented 7634 logic cells
Info: Quartus Prime Analysis & Synthesis was successful. 0 errors, 45 warnings
    Info: Peak virtual memory: 4840 megabytes
    Info: Processing ended: Wed Dec 27 12:57:59 2023
    Info: Elapsed time: 00:00:33
    Info: Total CPU time (on all processors): 00:00:35


+------------------------------------------+
; Analysis & Synthesis Suppressed Messages ;
+------------------------------------------+
The suppressed messages can be found in D:/E-yantra_work/eyrc23_ab_3265/t2b_riscv_cpu/output_files/t2b_riscv_cpu.map.smsg.


